/opt/denario-venv/lib/python3.12/site-packages/denario/langgraph_agents/paper_module/LaTeX/AAS_keywords.txt
Extracting UNESCO keywords.......
Found 8 plot files to process....
Plot files: ['step_6_kolmogorov_intermittency_6_1778360342.png', 'step_2_zeta_p_vs_p_2_1778360956.png', 'step_3_velocity_autocorr_3_1778361095.png']...
UNESCO keyword extraction failed: 'list' object has no attribute 'find'
✅✅.................Abstract written
✅✅✅✅✅✅✅✅...............Captions generated
✅................Figures generated
✅.............Introduction written
✅..................Methods written
✅..................Results written
✅..............Conclusions written
Compiling paper_v1_preliminary...✅✅
✅..........Refined results written
Compiling paper_v2_no_citations..✅✅
   - Citations added to Introduction
   - Citations added to Methods
Sanitized BibTeX saved to: /home/node/work/projects/levy_turbulence_v1/Iteration2/paper_output/bibliography.bib
✅ Citations added to all sections.
Compiling paper_v3_citations.....✅✅✅
Refining Introduction with citations
Refining Methods with citations
✅  - Introduction with citations refined
✅  - Methods with citations refined
Compiling paper_v4_final.........✅✅✅
Paper written in 13 min 4 sec.
Cost: $0.773
